============================= test session starts =============================
platform win32 -- Python 3.14.3, pytest-9.0.2, pluggy-1.6.0 -- C:\Users\felip\OneDrive\Documentos\Projetos\Finito_app_backend\venv\Scripts\python.exe
cachedir: .pytest_cache
rootdir: C:\Users\felip\OneDrive\Documentos\Projetos\Finito_app_backend
configfile: pytest.ini
plugins: anyio-4.12.1, asyncio-1.3.0, cov-7.0.0, mock-3.15.1
asyncio: mode=Mode.AUTO, debug=False, asyncio_default_fixture_loop_scope=None, asyncio_default_test_loop_scope=function
collecting ... collected 1 item

tests/app/routes/test_user_routes.py::TestUserRoutes::test_get_all_users_success 
Get all users test - Status: 422
Response: {'detail': [{'type': 'missing', 'loc': ['header', 'x-api-key'], 'msg': 'Field required', 'input': None}]}
PASSED

============================== warnings summary ===============================
app\domain\entities\base_entity.py:10
  C:\Users\felip\OneDrive\Documentos\Projetos\Finito_app_backend\app\domain\entities\base_entity.py:10: PydanticDeprecatedSince20: Support for class-based `config` is deprecated, use ConfigDict instead. Deprecated in Pydantic V2.0 to be removed in V3.0. See Pydantic V2 Migration Guide at https://errors.pydantic.dev/2.12/migration/
    class BaseEntity(BaseModel):

app\domain\entities\expense_entity.py:13
  C:\Users\felip\OneDrive\Documentos\Projetos\Finito_app_backend\app\domain\entities\expense_entity.py:13: PydanticDeprecatedSince20: Support for class-based `config` is deprecated, use ConfigDict instead. Deprecated in Pydantic V2.0 to be removed in V3.0. See Pydantic V2 Migration Guide at https://errors.pydantic.dev/2.12/migration/
    class Expense(BaseEntity):

app\domain\entities\user_entity.py:10
  C:\Users\felip\OneDrive\Documentos\Projetos\Finito_app_backend\app\domain\entities\user_entity.py:10: PydanticDeprecatedSince20: Support for class-based `config` is deprecated, use ConfigDict instead. Deprecated in Pydantic V2.0 to be removed in V3.0. See Pydantic V2 Migration Guide at https://errors.pydantic.dev/2.12/migration/
    class User(BaseEntity):

app\models\expense_schema.py:12
  C:\Users\felip\OneDrive\Documentos\Projetos\Finito_app_backend\app\models\expense_schema.py:12: PydanticDeprecatedSince20: Support for class-based `config` is deprecated, use ConfigDict instead. Deprecated in Pydantic V2.0 to be removed in V3.0. See Pydantic V2 Migration Guide at https://errors.pydantic.dev/2.12/migration/
    class ExpenseCreate(BaseModel):

app\models\expense_schema.py:37
  C:\Users\felip\OneDrive\Documentos\Projetos\Finito_app_backend\app\models\expense_schema.py:37: PydanticDeprecatedSince20: Support for class-based `config` is deprecated, use ConfigDict instead. Deprecated in Pydantic V2.0 to be removed in V3.0. See Pydantic V2 Migration Guide at https://errors.pydantic.dev/2.12/migration/
    class ExpenseUpdate(BaseModel):

app\models\expense_schema.py:57
  C:\Users\felip\OneDrive\Documentos\Projetos\Finito_app_backend\app\models\expense_schema.py:57: PydanticDeprecatedSince20: Support for class-based `config` is deprecated, use ConfigDict instead. Deprecated in Pydantic V2.0 to be removed in V3.0. See Pydantic V2 Migration Guide at https://errors.pydantic.dev/2.12/migration/
    class ExpenseResponse(BaseModel):

app\models\user_schema.py:10
  C:\Users\felip\OneDrive\Documentos\Projetos\Finito_app_backend\app\models\user_schema.py:10: PydanticDeprecatedSince20: Support for class-based `config` is deprecated, use ConfigDict instead. Deprecated in Pydantic V2.0 to be removed in V3.0. See Pydantic V2 Migration Guide at https://errors.pydantic.dev/2.12/migration/
    class UserCreate(BaseModel):

app\models\user_schema.py:29
  C:\Users\felip\OneDrive\Documentos\Projetos\Finito_app_backend\app\models\user_schema.py:29: PydanticDeprecatedSince20: Support for class-based `config` is deprecated, use ConfigDict instead. Deprecated in Pydantic V2.0 to be removed in V3.0. See Pydantic V2 Migration Guide at https://errors.pydantic.dev/2.12/migration/
    class UserUpdate(BaseModel):

app\models\user_schema.py:46
  C:\Users\felip\OneDrive\Documentos\Projetos\Finito_app_backend\app\models\user_schema.py:46: PydanticDeprecatedSince20: Support for class-based `config` is deprecated, use ConfigDict instead. Deprecated in Pydantic V2.0 to be removed in V3.0. See Pydantic V2 Migration Guide at https://errors.pydantic.dev/2.12/migration/
    class UserResponse(BaseModel):

app\models\user_schema.py:73
  C:\Users\felip\OneDrive\Documentos\Projetos\Finito_app_backend\app\models\user_schema.py:73: PydanticDeprecatedSince20: Support for class-based `config` is deprecated, use ConfigDict instead. Deprecated in Pydantic V2.0 to be removed in V3.0. See Pydantic V2 Migration Guide at https://errors.pydantic.dev/2.12/migration/
    class UserResponseWithoutPassword(BaseModel):

app\infrastructure\settings.py:10
  C:\Users\felip\OneDrive\Documentos\Projetos\Finito_app_backend\app\infrastructure\settings.py:10: PydanticDeprecatedSince20: Support for class-based `config` is deprecated, use ConfigDict instead. Deprecated in Pydantic V2.0 to be removed in V3.0. See Pydantic V2 Migration Guide at https://errors.pydantic.dev/2.12/migration/
    class Settings(BaseSettings):

app\models\auth_schema.py:10
  C:\Users\felip\OneDrive\Documentos\Projetos\Finito_app_backend\app\models\auth_schema.py:10: PydanticDeprecatedSince20: Support for class-based `config` is deprecated, use ConfigDict instead. Deprecated in Pydantic V2.0 to be removed in V3.0. See Pydantic V2 Migration Guide at https://errors.pydantic.dev/2.12/migration/
    class LoginRequest(BaseModel):

app\models\auth_schema.py:25
  C:\Users\felip\OneDrive\Documentos\Projetos\Finito_app_backend\app\models\auth_schema.py:25: PydanticDeprecatedSince20: Support for class-based `config` is deprecated, use ConfigDict instead. Deprecated in Pydantic V2.0 to be removed in V3.0. See Pydantic V2 Migration Guide at https://errors.pydantic.dev/2.12/migration/
    class TokenResponse(BaseModel):

app\models\auth_schema.py:46
  C:\Users\felip\OneDrive\Documentos\Projetos\Finito_app_backend\app\models\auth_schema.py:46: PydanticDeprecatedSince20: Support for class-based `config` is deprecated, use ConfigDict instead. Deprecated in Pydantic V2.0 to be removed in V3.0. See Pydantic V2 Migration Guide at https://errors.pydantic.dev/2.12/migration/
    class RefreshTokenRequest(BaseModel):

app\models\auth_schema.py:59
  C:\Users\felip\OneDrive\Documentos\Projetos\Finito_app_backend\app\models\auth_schema.py:59: PydanticDeprecatedSince20: Support for class-based `config` is deprecated, use ConfigDict instead. Deprecated in Pydantic V2.0 to be removed in V3.0. See Pydantic V2 Migration Guide at https://errors.pydantic.dev/2.12/migration/
    class TokenValidationResponse(BaseModel):

tests/app/routes/test_user_routes.py::TestUserRoutes::test_get_all_users_success
  C:\Users\felip\OneDrive\Documentos\Projetos\Finito_app_backend\app\services\oauth2_service.py:79: DeprecationWarning: datetime.datetime.utcnow() is deprecated and scheduled for removal in a future version. Use timezone-aware objects to represent datetimes in UTC: datetime.datetime.now(datetime.UTC).
    expire = datetime.utcnow() + expires_delta

tests/app/routes/test_user_routes.py::TestUserRoutes::test_get_all_users_success
  C:\Users\felip\OneDrive\Documentos\Projetos\Finito_app_backend\app\services\oauth2_service.py:112: DeprecationWarning: datetime.datetime.utcnow() is deprecated and scheduled for removal in a future version. Use timezone-aware objects to represent datetimes in UTC: datetime.datetime.now(datetime.UTC).
    expire = datetime.utcnow() + timedelta(days=self.settings.jwt_refresh_token_expire_days)

tests/app/routes/test_user_routes.py::TestUserRoutes::test_get_all_users_success
  C:\Users\felip\OneDrive\Documentos\Projetos\Finito_app_backend\app\services\oauth2_service.py:145: DeprecationWarning: datetime.datetime.utcnow() is deprecated and scheduled for removal in a future version. Use timezone-aware objects to represent datetimes in UTC: datetime.datetime.now(datetime.UTC).
    expires_at = datetime.utcnow() + access_token_expires

tests/app/routes/test_user_routes.py::TestUserRoutes::test_get_all_users_success
  C:\Users\felip\OneDrive\Documentos\Projetos\Finito_app_backend\app\services\oauth2_service.py:184: DeprecationWarning: datetime.datetime.utcfromtimestamp() is deprecated and scheduled for removal in a future version. Use timezone-aware objects to represent datetimes in UTC: datetime.datetime.fromtimestamp(timestamp, datetime.UTC).
    exp_datetime = datetime.utcfromtimestamp(exp)

-- Docs: https://docs.pytest.org/en/stable/how-to/capture-warnings.html
======================= 1 passed, 19 warnings in 0.60s ========================
